[gmag.kwst.net/index.html]
[backblue.gif]
[fade.gif]
[index.html]
[gmag.kwst.net/css/plugins.css]
[gmag.kwst.net/css/style.css]
[gmag.kwst.net/css/color.css]
[gmag.kwst.net/images/favicon.ico]
[gmag.kwst.net/post-single.html]
[gmag.kwst.net/images/logo.png]
[gmag.kwst.net/images/shop/1.jpg]
[gmag.kwst.net/images/shop/2.jpg]
[gmag.kwst.net/cart.html]
[gmag.kwst.net/checkout.html]
[gmag.kwst.net/index2.html]
[gmag.kwst.net/index3.html]
[gmag.kwst.net/blog.html]
[gmag.kwst.net/blog2.html]
[gmag.kwst.net/blog3.html]
[gmag.kwst.net/blog4.html]
[gmag.kwst.net/blog5.html]
[gmag.kwst.net/post-single2.html]
[gmag.kwst.net/shop.html]
[gmag.kwst.net/product-single.html]
[gmag.kwst.net/about.html]
[gmag.kwst.net/contacts.html]
[gmag.kwst.net/category.html]
[gmag.kwst.net/author-single.html]
[gmag.kwst.net/404.html]
[gmag.kwst.net/images/avatar/4.jpg]
[gmag.kwst.net/images/avatar/3.jpg]
[gmag.kwst.net/images/avatar/2.jpg]
[gmag.kwst.net/images/avatar/1.jpg]
[gmag.kwst.net/images/all/20.jpg]
[gmag.kwst.net/images/all/55.jpg]
[gmag.kwst.net/images/all/56.jpg]
[gmag.kwst.net/images/all/57.jpg]
[gmag.kwst.net/ajax/category1.html]
[gmag.kwst.net/ajax/category2.html]
[gmag.kwst.net/ajax/category3.html]
[gmag.kwst.net/ajax/category4.html]
[gmag.kwst.net/images/loading.gif]
[gmag.kwst.net/images/all/banner.jpg]
[gmag.kwst.net/images/all/16.jpg]
[gmag.kwst.net/images/all/24.jpg]
[gmag.kwst.net/images/all/31.jpg]
[gmag.kwst.net/images/all/40.jpg]
[gmag.kwst.net/images/all/36.jpg]
[gmag.kwst.net/images/all/37.jpg]
[gmag.kwst.net/images/all/39.jpg]
[gmag.kwst.net/images/all/18.jpg]
[gmag.kwst.net/images/all/7.jpg]
[gmag.kwst.net/images/all/thumbs/1.jpg]
[gmag.kwst.net/images/all/thumbs/2.jpg]
[gmag.kwst.net/images/all/thumbs/3.jpg]
[gmag.kwst.net/images/all/thumbs/4.jpg]
[gmag.kwst.net/images/all/thumbs/5.jpg]
[gmag.kwst.net/images/all/thumbs/6.jpg]
[gmag.kwst.net/images/all/thumbs/7.jpg]
[gmag.kwst.net/images/all/21.jpg]
[gmag.kwst.net/images/all/41.jpg]
[gmag.kwst.net/images/all/22.jpg]
[gmag.kwst.net/images/all/33.jpg]
[gmag.kwst.net/images/all/43.jpg]
[gmag.kwst.net/images/all/3.jpg]
[gmag.kwst.net/images/all/42.jpg]
[gmag.kwst.net/images/all/1.jpg]
[gmag.kwst.net/images/all/44.jpg]
[gmag.kwst.net/images/all/2.jpg]
[gmag.kwst.net/images/all/46.jpg]
[gmag.kwst.net/images/all/15.jpg]
[gmag.kwst.net/images/all/5.jpg]
[gmag.kwst.net/images/all/48.jpg]
[gmag.kwst.net/images/all/49.jpg]
[gmag.kwst.net/images/all/50.jpg]
[gmag.kwst.net/images/all/53.jpg]
[gmag.kwst.net/images/all/54.jpg]
[gmag.kwst.net/images/all/52.jpg]
[gmag.kwst.net/images/logo2.png]
[gmag.kwst.net/images/bg/1.jpg]
[gmag.kwst.net/js/jquery.min.js]
[gmag.kwst.net/js/plugins.js]
[gmag.kwst.net/index.html]
[gmag.kwst.net/js/scripts.js]
[gmag.kwst.net/fonts/fa-brands-400.eot]
[gmag.kwst.net/fonts/fa-brands-400d41d.eot]
[gmag.kwst.net/fonts/fa-brands-400.woff2]
[gmag.kwst.net/fonts/fa-brands-400.woff]
[gmag.kwst.net/fonts/fa-brands-400.ttf]
[gmag.kwst.net/fonts/fa-brands-400.svg]
[gmag.kwst.net/fonts/fa-light-300.eot]
[gmag.kwst.net/fonts/fa-light-300d41d.eot]
[gmag.kwst.net/fonts/fa-light-300.woff2]
[gmag.kwst.net/fonts/fa-light-300.woff]
[gmag.kwst.net/fonts/fa-light-300.ttf]
[gmag.kwst.net/fonts/fa-regular-400.eot]
[gmag.kwst.net/fonts/fa-regular-400d41d.eot]
[gmag.kwst.net/fonts/fa-regular-400.woff2]
[gmag.kwst.net/fonts/fa-light-300.svg]
[gmag.kwst.net/fonts/fa-regular-400.woff]
[gmag.kwst.net/fonts/fa-regular-400.ttf]
[gmag.kwst.net/fonts/fa-solid-900.eot]
[gmag.kwst.net/fonts/fa-regular-400.svg]
[gmag.kwst.net/fonts/fa-solid-900d41d.eot]
[gmag.kwst.net/fonts/fa-solid-900.woff2]
[gmag.kwst.net/fonts/fa-solid-900.woff]
[gmag.kwst.net/fonts/fa-solid-900.ttf]
[gmag.kwst.net/fonts/fa-solid-900.svg]
[gmag.kwst.net/fonts/lgd641.eot]
[gmag.kwst.net/fonts/lgd41d.eot]
[gmag.kwst.net/fonts/lgd641.woff]
[gmag.kwst.net/fonts/lgd641.ttf]
[gmag.kwst.net/fonts/lgd641.svg]
[gmag.kwst.net/images/loading2.gif]
[gmag.kwst.net/css/plugins.css]
[gmag.kwst.net/images/city-bg.png]
[gmag.kwst.net/images/bg/7.jpg]
[gmag.kwst.net/css/style.css]
[gmag.kwst.net/css/color.css]
[gmag.kwst.net/images/all/13.jpg]
[gmag.kwst.net/post-single.html]
[gmag.kwst.net/images/shop/5.jpg]
[gmag.kwst.net/cart.html]
[gmag.kwst.net/checkout.html]
[gmag.kwst.net/index2.html]
[gmag.kwst.net/images/all/35.jpg]
[gmag.kwst.net/images/all/38.jpg]
[gmag.kwst.net/index3.html]
[gmag.kwst.net/images/all/17.jpg]
[gmag.kwst.net/images/bg/4.jpg]
[gmag.kwst.net/images/all/19.jpg]
[gmag.kwst.net/blog.html]
[gmag.kwst.net/images/bg/9.jpg]
[gmag.kwst.net/blog2.html]
[gmag.kwst.net/images/bg/6.jpg]
[gmag.kwst.net/images/all/14.jpg]
[gmag.kwst.net/blog3.html]
[gmag.kwst.net/blog4.html]
[gmag.kwst.net/images/avatar/5.jpg]
[gmag.kwst.net/blog5.html]
[gmag.kwst.net/images/all/4.jpg]
[gmag.kwst.net/post-single2.html]
[gmag.kwst.net/images/shop/3.jpg]
[gmag.kwst.net/images/shop/4.jpg]
[gmag.kwst.net/images/shop/6.jpg]
[gmag.kwst.net/shop.html]
[gmag.kwst.net/product-single.html]
[gmag.kwst.net/images/all/6.jpg]
[gmag.kwst.net/about.html]
[gmag.kwst.net/images/bg/8.jpg]
[gmag.kwst.net/contacts.html]
[gmag.kwst.net/images/bg/10.jpg]
[gmag.kwst.net/category.html]
[gmag.kwst.net/images/bg/11.jpg]
[gmag.kwst.net/author-single.html]
[gmag.kwst.net/404.html]
[gmag.kwst.net/ajax/category1.html]
[gmag.kwst.net/ajax/category2.html]
[gmag.kwst.net/ajax/category3.html]
[gmag.kwst.net/ajax/category4.html]
[gmag.kwst.net/fonts/fa-brands-400.svg]
[gmag.kwst.net/fonts/fa-light-300.svg]
[gmag.kwst.net/fonts/fa-regular-400.svg]
[gmag.kwst.net/fonts/fa-solid-900.svg]
[gmag.kwst.net/fonts/lgd641.svg]
[gmag.kwst.net/img/vimeo-play.html]
[gmag.kwst.net/img/video-play.html]
[gmag.kwst.net/img/youtube-play.html]
[gmag.kwst.net/_images/bg/7.html]
[gmag.kwst.net/category-single.html]
[gmag.kwst.net/ajax/post-single.html]
[gmag.kwst.net/ajax/images/all/13.html]
[gmag.kwst.net/ajax/author-single.html]
[gmag.kwst.net/ajax/images/avatar/1.html]
[gmag.kwst.net/ajax/images/all/29.html]
[gmag.kwst.net/ajax/images/avatar/2.html]
[gmag.kwst.net/ajax/images/all/28.html]
[gmag.kwst.net/ajax/images/avatar/3.html]
[gmag.kwst.net/ajax/images/all/17.html]
[gmag.kwst.net/ajax/images/avatar/4.html]
[gmag.kwst.net/ajax/images/all/27.html]
[gmag.kwst.net/ajax/images/all/34.html]
[gmag.kwst.net/ajax/images/all/2.html]
[gmag.kwst.net/ajax/images/all/35.html]
[gmag.kwst.net/ajax/images/all/26.html]
[gmag.kwst.net/ajax/images/all/31.html]
[gmag.kwst.net/ajax/images/all/23.html]
[gmag.kwst.net/ajax/images/all/25.html]
[gmag.kwst.net/ajax/images/all/30.html]
[gmag.kwst.net/ajax/images/all/15.html]
[gmag.kwst.net/ajax/images/all/37.html]
[gmag.kwst.net/ajax/images/all/38.html]
